// Jest Snapshot v1, https://goo.gl/fbAQLP

exports[`Snapshot testing 1`] = `
<h1
  className="sc-bdVaJa gHcgxb"
>
  Hello!
</h1>
`;
