// Jest Snapshot v1, https://goo.gl/fbAQLP

exports[`Text Input Snapshot testing 1`] = `
<div
  className="ply-text-input"
>
  <label
    htmlFor="123"
  >
    My Text Input
  </label>
    
  <div
    className={undefined}
    style={
      Object {
        "backgroundColor": "transparent",
        "cursor": "auto",
        "display": "inline-block",
        "fontFamily": "Roboto, sans-serif",
        "fontSize": 16,
        "height": 48,
        "lineHeight": "24px",
        "muiPrepared": true,
        "position": "relative",
        "transition": "height 200ms cubic-bezier(0.23, 1, 0.32, 1) 0ms",
        "width": 256,
      }
    }
  >
    <input
      defaultValue="My Val"
      disabled={false}
      id="123"
      name="textInput"
      onBlur={[Function]}
      onChange={[Function]}
      onFocus={[Function]}
      style={
        Object {
          "WebkitOpacity": 1,
          "WebkitTapHighlightColor": "rgba(0,0,0,0)",
          "appearance": "textfield",
          "backgroundColor": "rgba(0,0,0,0)",
          "border": "none",
          "color": "#212121",
          "cursor": "inherit",
          "font": "inherit",
          "height": "100%",
          "muiPrepared": true,
          "outline": "none",
          "padding": 0,
          "position": "relative",
          "width": "100%",
        }
      }
      type="text"
    />
    <div>
      <hr
        aria-hidden="true"
        style={
          Object {
            "borderBottomStyle": "solid",
            "borderBottomWidth": 1,
            "borderColor": "#e0e0e0",
            "borderLeft": "none",
            "borderRight": "none",
            "borderTop": "none",
            "bottom": 8,
            "boxSizing": "content-box",
            "margin": 0,
            "muiPrepared": true,
            "position": "absolute",
            "width": "100%",
          }
        }
      />
      <hr
        aria-hidden="true"
        style={
          Object {
            "borderBottomStyle": "solid",
            "borderBottomWidth": 2,
            "borderColor": "#ec407a",
            "borderLeft": "none",
            "borderRight": "none",
            "borderTop": "none",
            "bottom": 8,
            "boxSizing": "content-box",
            "margin": 0,
            "muiPrepared": true,
            "position": "absolute",
            "transform": "scaleX(0)",
            "transition": "all 450ms cubic-bezier(0.23, 1, 0.32, 1) 0ms",
            "width": "100%",
          }
        }
      />
    </div>
  </div>
</div>
`;
