// Jest Snapshot v1, https://goo.gl/fbAQLP

exports[`Snapshot testing 1`] = `
<div
  className="ply-radio-buttons"
>
  <div
    className={undefined}
    style={
      Object {
        "muiPrepared": true,
      }
    }
  >
    <div
      className={undefined}
      style={
        Object {
          "cursor": "pointer",
          "display": "table",
          "height": "auto",
          "muiPrepared": true,
          "overflow": "visible",
          "position": "relative",
          "width": "100%",
        }
      }
    >
      <input
        checked={false}
        disabled={false}
        name="myRadio"
        onBlur={[Function]}
        onChange={[Function]}
        onFocus={[Function]}
        onMouseDown={[Function]}
        onMouseLeave={[Function]}
        onMouseUp={[Function]}
        onTouchEnd={[Function]}
        onTouchStart={[Function]}
        style={
          Object {
            "boxSizing": "border-box",
            "cursor": "inherit",
            "height": "100%",
            "left": 0,
            "margin": 0,
            "muiPrepared": true,
            "opacity": 0,
            "padding": 0,
            "pointerEvents": "all",
            "position": "absolute",
            "width": "100%",
            "zIndex": 2,
          }
        }
        type="radio"
        value="v1"
      />
      <div
        style={
          Object {
            "display": "flex",
            "height": "100%",
            "width": "100%",
          }
        }
      >
        <div
          style={
            Object {
              "display": "block",
              "flexShrink": 0,
              "float": "left",
              "height": 24,
              "marginLeft": 0,
              "marginRight": 16,
              "muiPrepared": true,
              "position": "relative",
              "transition": "all 450ms cubic-bezier(0.23, 1, 0.32, 1) 0ms",
              "width": 24,
            }
          }
        >
          <div>
            <svg
              onMouseEnter={[Function]}
              onMouseLeave={[Function]}
              style={
                Object {
                  "color": "#212121",
                  "display": "inline-block",
                  "fill": "#212121",
                  "height": 24,
                  "muiPrepared": true,
                  "opacity": 1,
                  "position": "absolute",
                  "transform": "scale(1)",
                  "transition": "all 450ms cubic-bezier(0.23, 1, 0.32, 1) 0ms",
                  "userSelect": "none",
                  "width": 24,
                }
              }
              viewBox="0 0 24 24"
            >
              <path
                d="M12 2C6.48 2 2 6.48 2 12s4.48 10 10 10 10-4.48 10-10S17.52 2 12 2zm0 18c-4.42 0-8-3.58-8-8s3.58-8 8-8 8 3.58 8 8-3.58 8-8 8z"
              />
            </svg>
            <svg
              onMouseEnter={[Function]}
              onMouseLeave={[Function]}
              style={
                Object {
                  "color": "#212121",
                  "display": "inline-block",
                  "fill": "#ec407a",
                  "height": 24,
                  "muiPrepared": true,
                  "opacity": 1,
                  "position": "absolute",
                  "transform": "scale(0)",
                  "transformOrigin": "50% 50%",
                  "transition": "all 450ms cubic-bezier(0.23, 1, 0.32, 1) 0ms",
                  "userSelect": "none",
                  "width": 24,
                }
              }
              viewBox="0 0 24 24"
            >
              <path
                d="M12 7c-2.76 0-5 2.24-5 5s2.24 5 5 5 5-2.24 5-5-2.24-5-5-5zm0-5C6.48 2 2 6.48 2 12s4.48 10 10 10 10-4.48 10-10S17.52 2 12 2zm0 18c-4.42 0-8-3.58-8-8s3.58-8 8-8 8 3.58 8 8-3.58 8-8 8z"
              />
            </svg>
          </div>
          <div
            onMouseDown={[Function]}
            onMouseLeave={[Function]}
            onMouseUp={[Function]}
            onTouchEnd={[Function]}
            onTouchStart={[Function]}
          />
          <div
            style={
              Object {
                "height": "100%",
                "left": 0,
                "muiPrepared": true,
                "overflow": "hidden",
                "position": "absolute",
                "top": 0,
                "width": "100%",
              }
            }
          />
        </div>
        <label
          style={
            Object {
              "color": "#212121",
              "display": "block",
              "float": "left",
              "fontFamily": "Roboto, sans-serif",
              "lineHeight": "24px",
              "muiPrepared": true,
              "position": "relative",
              "width": "calc(100% - 60px)",
            }
          }
        >
          l1
        </label>
      </div>
    </div>
    <div
      className={undefined}
      style={
        Object {
          "cursor": "pointer",
          "display": "table",
          "height": "auto",
          "muiPrepared": true,
          "overflow": "visible",
          "position": "relative",
          "width": "100%",
        }
      }
    >
      <input
        checked={false}
        disabled={false}
        name="myRadio"
        onBlur={[Function]}
        onChange={[Function]}
        onFocus={[Function]}
        onMouseDown={[Function]}
        onMouseLeave={[Function]}
        onMouseUp={[Function]}
        onTouchEnd={[Function]}
        onTouchStart={[Function]}
        style={
          Object {
            "boxSizing": "border-box",
            "cursor": "inherit",
            "height": "100%",
            "left": 0,
            "margin": 0,
            "muiPrepared": true,
            "opacity": 0,
            "padding": 0,
            "pointerEvents": "all",
            "position": "absolute",
            "width": "100%",
            "zIndex": 2,
          }
        }
        type="radio"
        value="v2"
      />
      <div
        style={
          Object {
            "display": "flex",
            "height": "100%",
            "width": "100%",
          }
        }
      >
        <div
          style={
            Object {
              "display": "block",
              "flexShrink": 0,
              "float": "left",
              "height": 24,
              "marginLeft": 0,
              "marginRight": 16,
              "muiPrepared": true,
              "position": "relative",
              "transition": "all 450ms cubic-bezier(0.23, 1, 0.32, 1) 0ms",
              "width": 24,
            }
          }
        >
          <div>
            <svg
              onMouseEnter={[Function]}
              onMouseLeave={[Function]}
              style={
                Object {
                  "color": "#212121",
                  "display": "inline-block",
                  "fill": "#212121",
                  "height": 24,
                  "muiPrepared": true,
                  "opacity": 1,
                  "position": "absolute",
                  "transform": "scale(1)",
                  "transition": "all 450ms cubic-bezier(0.23, 1, 0.32, 1) 0ms",
                  "userSelect": "none",
                  "width": 24,
                }
              }
              viewBox="0 0 24 24"
            >
              <path
                d="M12 2C6.48 2 2 6.48 2 12s4.48 10 10 10 10-4.48 10-10S17.52 2 12 2zm0 18c-4.42 0-8-3.58-8-8s3.58-8 8-8 8 3.58 8 8-3.58 8-8 8z"
              />
            </svg>
            <svg
              onMouseEnter={[Function]}
              onMouseLeave={[Function]}
              style={
                Object {
                  "color": "#212121",
                  "display": "inline-block",
                  "fill": "#ec407a",
                  "height": 24,
                  "muiPrepared": true,
                  "opacity": 1,
                  "position": "absolute",
                  "transform": "scale(0)",
                  "transformOrigin": "50% 50%",
                  "transition": "all 450ms cubic-bezier(0.23, 1, 0.32, 1) 0ms",
                  "userSelect": "none",
                  "width": 24,
                }
              }
              viewBox="0 0 24 24"
            >
              <path
                d="M12 7c-2.76 0-5 2.24-5 5s2.24 5 5 5 5-2.24 5-5-2.24-5-5-5zm0-5C6.48 2 2 6.48 2 12s4.48 10 10 10 10-4.48 10-10S17.52 2 12 2zm0 18c-4.42 0-8-3.58-8-8s3.58-8 8-8 8 3.58 8 8-3.58 8-8 8z"
              />
            </svg>
          </div>
          <div
            onMouseDown={[Function]}
            onMouseLeave={[Function]}
            onMouseUp={[Function]}
            onTouchEnd={[Function]}
            onTouchStart={[Function]}
          />
          <div
            style={
              Object {
                "height": "100%",
                "left": 0,
                "muiPrepared": true,
                "overflow": "hidden",
                "position": "absolute",
                "top": 0,
                "width": "100%",
              }
            }
          />
        </div>
        <label
          style={
            Object {
              "color": "#212121",
              "display": "block",
              "float": "left",
              "fontFamily": "Roboto, sans-serif",
              "lineHeight": "24px",
              "muiPrepared": true,
              "position": "relative",
              "width": "calc(100% - 60px)",
            }
          }
        >
          l2
        </label>
      </div>
    </div>
  </div>
</div>
`;
