// Jest Snapshot v1, https://goo.gl/fbAQLP

exports[`PlyIcon Component Snapshot testing 1`] = `
<span
  data-tip="Hello There"
  onClick={[Function]}
  style={
    Object {
      "cursor": "pointer",
      "fontSize": "initial",
      "padding": "5px",
      "verticalAlign": "middle",
    }
  }
>
  <span
    className="flag-icon flag-icon-il"
  />
  <div
    className="__react_component_tooltip place-top type-dark "
    data-id="tooltip"
  >
    
  </div>
</span>
`;
