// Jest Snapshot v1, https://goo.gl/fbAQLP

exports[`PlyModal Component Snapshot testing 1`] = `null`;
