// Jest Snapshot v1, https://goo.gl/fbAQLP

exports[`Snapshot testing 1`] = `
<ul
  className="rating readonly sc-bdVaJa eUxWUg"
>
  <li
    className="
          star
          filled
          non-clickable
        "
    onClick={[Function]}
  >
    <span
      aria-hidden={true}
      className="fa fa-star"
    />
  </li>
  <li
    className="
          star
          filled
          non-clickable
        "
    onClick={[Function]}
  >
    <span
      aria-hidden={true}
      className="fa fa-star"
    />
  </li>
  <li
    className="
          star
          filled
          non-clickable
        "
    onClick={[Function]}
  >
    <span
      aria-hidden={true}
      className="fa fa-star"
    />
  </li>
  <li
    className="
          star
          
          non-clickable
        "
    onClick={[Function]}
  >
    <span
      aria-hidden={true}
      className="fa fa-star"
    />
  </li>
  <li
    className="
          star
          
          non-clickable
        "
    onClick={[Function]}
  >
    <span
      aria-hidden={true}
      className="fa fa-star"
    />
  </li>
</ul>
`;
