// Jest Snapshot v1, https://goo.gl/fbAQLP

exports[`Spinner Component Snapshot testing 1`] = `
<img
  alt="No Image Available"
  src="www.image.com"
/>
`;
